// Jest Snapshot v1, https://goo.gl/fbAQLP

exports[`Should Render Filter Component Properly Rendering Filter component should Filter component 1`] = `[Function]`;

exports[`Should Render Filter Component Properly Rendering Filter component should render Filter component 1`] = `[Function]`;

exports[`Should Render Filter Component Properly Rendering Filter component should render with given state from Redux store 1`] = `[Function]`;
